Archive member included because of file (symbol)

libUSB_Serial.a(USB_Serial.o)
                              comunicacion.o (USB_SerialRx)
libUSB_Serial.a(USBController_AVR8.o)
                              libUSB_Serial.a(USB_Serial.o) (USB_Init)
libUSB_Serial.a(USBInterrupt_AVR8.o)
                              libUSB_Serial.a(USBController_AVR8.o) (USB_INT_DisableAllInterrupts)
libUSB_Serial.a(DeviceStandardReq.o)
                              libUSB_Serial.a(USBController_AVR8.o) (USB_Device_CurrentlySelfPowered)
libUSB_Serial.a(Events.o)     libUSB_Serial.a(USBInterrupt_AVR8.o) (EVENT_USB_Device_Suspend)
libUSB_Serial.a(USBTask.o)    libUSB_Serial.a(USB_Serial.o) (USB_USBTask)
libUSB_Serial.a(CDCClassDevice.o)
                              libUSB_Serial.a(USB_Serial.o) (CDC_Device_ReceiveByte)
libUSB_Serial.a(Descriptors.o)
                              libUSB_Serial.a(DeviceStandardReq.o) (CALLBACK_USB_GetDescriptor)
libUSB_Serial.a(Endpoint_AVR8.o)
                              libUSB_Serial.a(USBController_AVR8.o) (Endpoint_ConfigureEndpoint_Prv)
libUSB_Serial.a(EndpointStream_AVR8.o)
                              libUSB_Serial.a(DeviceStandardReq.o) (Endpoint_Write_Control_Stream_LE)
c:/winavr-20100110/bin/../lib/gcc/avr/4.3.3/avr5\libgcc.a(_udivmodqi4.o)
                              reloj.o (__udivmodqi4)
c:/winavr-20100110/bin/../lib/gcc/avr/4.3.3/avr5\libgcc.a(_udivmodhi4.o)
                              comunicacion.o (__udivmodhi4)
c:/winavr-20100110/bin/../lib/gcc/avr/4.3.3/avr5\libgcc.a(_exit.o)
                              c:/winavr-20100110/bin/../lib/gcc/avr/4.3.3/../../../../avr/lib/avr5/crtm32u4.o (exit)
c:/winavr-20100110/bin/../lib/gcc/avr/4.3.3/avr5\libgcc.a(_copy_data.o)
                              main.o (__do_copy_data)
c:/winavr-20100110/bin/../lib/gcc/avr/4.3.3/avr5\libgcc.a(_clear_bss.o)
                              main.o (__do_clear_bss)
c:/winavr-20100110/bin/../lib/gcc/avr/4.3.3/../../../../avr/lib/avr5\libc.a(eerd_byte_atmega32u4.o)
                              libUSB_Serial.a(EndpointStream_AVR8.o) (__eerd_byte_m32u4)
c:/winavr-20100110/bin/../lib/gcc/avr/4.3.3/../../../../avr/lib/avr5\libc.a(eeupd_byte_atmega32u4.o)
                              libUSB_Serial.a(EndpointStream_AVR8.o) (__eeupd_byte_m32u4)

Allocating common symbols
Common symbol       size              file

horas               0x1               reloj.o
USB_IsInitialized   0x1               libUSB_Serial.a(USBTask.o)
dia                 0x1               reloj.o
seg                 0x1               reloj.o
USB_DeviceState     0x1               libUSB_Serial.a(USBTask.o)
USB_Device_ConfigurationNumber
                    0x1               libUSB_Serial.a(DeviceStandardReq.o)
anio                0x1               reloj.o
dataE               0x1               main.o
dato                0x1               main.o
cad                 0x14              main.o
USB_Device_CurrentlySelfPowered
                    0x1               libUSB_Serial.a(DeviceStandardReq.o)
USB_ControlRequest  0x8               libUSB_Serial.a(USBTask.o)
min                 0x1               reloj.o
USB_Device_RemoteWakeupEnabled
                    0x1               libUSB_Serial.a(DeviceStandardReq.o)
mes                 0x1               reloj.o

Memory Configuration

Name             Origin             Length             Attributes
text             0x00000000         0x00020000         xr
data             0x00800060         0x0000ffa0         rw !x
eeprom           0x00810000         0x00010000         rw !x
fuse             0x00820000         0x00000400         rw !x
lock             0x00830000         0x00000400         rw !x
signature        0x00840000         0x00000400         rw !x
*default*        0x00000000         0xffffffff

Linker script and memory map

Address of section .data set to 0x800100
LOAD c:/winavr-20100110/bin/../lib/gcc/avr/4.3.3/../../../../avr/lib/avr5/crtm32u4.o
LOAD main.o
LOAD delay.o
LOAD comunicacion.o
LOAD reloj.o
LOAD Timer0.o
LOAD Timer1.o
LOAD uart.o
LOAD eeprom.o
LOAD adc.o
LOAD comparador.o
LOAD libUSB_Serial.a
LOAD c:/winavr-20100110/bin/../lib/gcc/avr/4.3.3/../../../../avr/lib/avr5\libm.a
LOAD c:/winavr-20100110/bin/../lib/gcc/avr/4.3.3/avr5\libgcc.a
LOAD c:/winavr-20100110/bin/../lib/gcc/avr/4.3.3/../../../../avr/lib/avr5\libc.a
LOAD c:/winavr-20100110/bin/../lib/gcc/avr/4.3.3/avr5\libgcc.a

.hash
 *(.hash)

.dynsym
 *(.dynsym)

.dynstr
 *(.dynstr)

.gnu.version
 *(.gnu.version)

.gnu.version_d
 *(.gnu.version_d)

.gnu.version_r
 *(.gnu.version_r)

.rel.init
 *(.rel.init)

.rela.init
 *(.rela.init)

.rel.text
 *(.rel.text)
 *(.rel.text.*)
 *(.rel.gnu.linkonce.t*)

.rela.text
 *(.rela.text)
 *(.rela.text.*)
 *(.rela.gnu.linkonce.t*)

.rel.fini
 *(.rel.fini)

.rela.fini
 *(.rela.fini)

.rel.rodata
 *(.rel.rodata)
 *(.rel.rodata.*)
 *(.rel.gnu.linkonce.r*)

.rela.rodata
 *(.rela.rodata)
 *(.rela.rodata.*)
 *(.rela.gnu.linkonce.r*)

.rel.data
 *(.rel.data)
 *(.rel.data.*)
 *(.rel.gnu.linkonce.d*)

.rela.data
 *(.rela.data)
 *(.rela.data.*)
 *(.rela.gnu.linkonce.d*)

.rel.ctors
 *(.rel.ctors)

.rela.ctors
 *(.rela.ctors)

.rel.dtors
 *(.rel.dtors)

.rela.dtors
 *(.rela.dtors)

.rel.got
 *(.rel.got)

.rela.got
 *(.rela.got)

.rel.bss
 *(.rel.bss)

.rela.bss
 *(.rela.bss)

.rel.plt
 *(.rel.plt)

.rela.plt
 *(.rela.plt)

.text           0x00000000     0x24ae
 *(.vectors)
 .vectors       0x00000000       0xac c:/winavr-20100110/bin/../lib/gcc/avr/4.3.3/../../../../avr/lib/avr5/crtm32u4.o
                0x00000000                __vectors
                0x00000000                __vector_default
 *(.vectors)
 *(.progmem.gcc*)
 *(.progmem*)
 .progmem.data  0x000000ac       0x8c libUSB_Serial.a(Descriptors.o)
                0x00000100                ManufacturerString
                0x000000fc                LanguageString
                0x000000ac                DeviceDescriptor
                0x0000011a                ProductString
                0x000000be                ConfigurationDescriptor
                0x00000138                . = ALIGN (0x2)
                0x00000138                __trampolines_start = .
 *(.trampolines)
 .trampolines   0x00000138        0x0 linker stubs
 *(.trampolines*)
                0x00000138                __trampolines_end = .
 *(.jumptables)
 *(.jumptables*)
 *(.lowtext)
 *(.lowtext*)
                0x00000138                __ctors_start = .
 *(.ctors)
                0x00000138                __ctors_end = .
                0x00000138                __dtors_start = .
 *(.dtors)
                0x00000138                __dtors_end = .
 SORT(*)(.ctors)
 SORT(*)(.dtors)
 *(.init0)
 .init0         0x00000138        0x0 c:/winavr-20100110/bin/../lib/gcc/avr/4.3.3/../../../../avr/lib/avr5/crtm32u4.o
                0x00000138                __init
 *(.init0)
 *(.init1)
 *(.init1)
 *(.init2)
 .init2         0x00000138        0xc c:/winavr-20100110/bin/../lib/gcc/avr/4.3.3/../../../../avr/lib/avr5/crtm32u4.o
 *(.init2)
 *(.init3)
 *(.init3)
 *(.init4)
 .init4         0x00000144       0x16 c:/winavr-20100110/bin/../lib/gcc/avr/4.3.3/avr5\libgcc.a(_copy_data.o)
                0x00000144                __do_copy_data
 .init4         0x0000015a       0x10 c:/winavr-20100110/bin/../lib/gcc/avr/4.3.3/avr5\libgcc.a(_clear_bss.o)
                0x0000015a                __do_clear_bss
 *(.init4)
 *(.init5)
 *(.init5)
 *(.init6)
 *(.init6)
 *(.init7)
 *(.init7)
 *(.init8)
 *(.init8)
 *(.init9)
 .init9         0x0000016a        0x8 c:/winavr-20100110/bin/../lib/gcc/avr/4.3.3/../../../../avr/lib/avr5/crtm32u4.o
 *(.init9)
 *(.text)
 .text          0x00000172        0x4 c:/winavr-20100110/bin/../lib/gcc/avr/4.3.3/../../../../avr/lib/avr5/crtm32u4.o
                0x00000172                __vector_38
                0x00000172                __vector_22
                0x00000172                __vector_1
                0x00000172                __vector_32
                0x00000172                __vector_34
                0x00000172                __vector_24
                0x00000172                __vector_12
                0x00000172                __bad_interrupt
                0x00000172                __vector_6
                0x00000172                __vector_31
                0x00000172                __vector_35
                0x00000172                __vector_39
                0x00000172                __vector_3
                0x00000172                __vector_23
                0x00000172                __vector_30
                0x00000172                __vector_25
                0x00000172                __vector_11
                0x00000172                __vector_13
                0x00000172                __vector_17
                0x00000172                __vector_19
                0x00000172                __vector_7
                0x00000172                __vector_41
                0x00000172                __vector_27
                0x00000172                __vector_5
                0x00000172                __vector_33
                0x00000172                __vector_37
                0x00000172                __vector_4
                0x00000172                __vector_9
                0x00000172                __vector_2
                0x00000172                __vector_15
                0x00000172                __vector_36
                0x00000172                __vector_29
                0x00000172                __vector_40
                0x00000172                __vector_8
                0x00000172                __vector_26
                0x00000172                __vector_14
                0x00000172                __vector_16
                0x00000172                __vector_18
                0x00000172                __vector_20
                0x00000172                __vector_42
 .text          0x00000176       0x48 main.o
                0x00000176                main
 .text          0x000001be       0xc6 delay.o
                0x000001be                delay
                0x00000214                delay1seg
 .text          0x00000284      0x17e comunicacion.o
                0x000003a0                USB_TX
                0x000003aa                updateUSB
                0x00000284                itoa
                0x000003b0                USB_Rx
                0x000003e8                USB_getsRX
                0x00000382                USB_putsTX
                0x00000322                atoi
 .text          0x00000402      0x174 reloj.o
                0x00000514                Clock_Display
                0x00000402                Clock_Init
                0x000004f0                PrintDec2d
                0x00000424                Clock_Update
 .text          0x00000576       0x82 Timer0.o
                0x0000058c                __vector_21
                0x00000576                Timer0_Init
 .text          0x000005f8       0x2a Timer1.o
                0x000005f8                Timer1_Init
 .text          0x00000622       0x8a uart.o
                0x00000690                IR_ReceiveMSG
                0x00000650                USART_available
                0x00000676                USART_puts
                0x00000622                USART_Init
                0x00000658                USART_Transmit
                0x00000668                USART_Receive
 .text          0x000006ac       0x4c eeprom.o
                0x000006bc                EEPROM_read
                0x000006ca                EEPROM_writeString
                0x000006ac                EEPROM_write
 .text          0x000006f8       0x2e adc.o
                0x000006f8                ADC_init
                0x00000706                ADC_read
 .text          0x00000726       0x54 comparador.o
                0x0000075c                __vector_28
                0x0000074c                comparador_secFlag
                0x00000726                comparador_init
 .text          0x0000077a        0x0 libUSB_Serial.a(USB_Serial.o)
 .text          0x0000077a        0x0 libUSB_Serial.a(USBController_AVR8.o)
 .text          0x0000077a        0x0 libUSB_Serial.a(USBInterrupt_AVR8.o)
 .text          0x0000077a        0x0 libUSB_Serial.a(DeviceStandardReq.o)
 .text          0x0000077a        0x0 libUSB_Serial.a(Events.o)
 .text          0x0000077a        0x0 libUSB_Serial.a(USBTask.o)
 .text          0x0000077a        0x0 libUSB_Serial.a(CDCClassDevice.o)
 .text          0x0000077a        0x0 libUSB_Serial.a(Descriptors.o)
 .text          0x0000077a        0x0 libUSB_Serial.a(Endpoint_AVR8.o)
 .text          0x0000077a        0x0 libUSB_Serial.a(EndpointStream_AVR8.o)
 .text          0x0000077a        0x0 c:/winavr-20100110/bin/../lib/gcc/avr/4.3.3/avr5\libgcc.a(_udivmodqi4.o)
 .text          0x0000077a        0x0 c:/winavr-20100110/bin/../lib/gcc/avr/4.3.3/avr5\libgcc.a(_udivmodhi4.o)
 .text          0x0000077a        0x0 c:/winavr-20100110/bin/../lib/gcc/avr/4.3.3/avr5\libgcc.a(_exit.o)
 .text          0x0000077a        0x0 c:/winavr-20100110/bin/../lib/gcc/avr/4.3.3/avr5\libgcc.a(_copy_data.o)
 .text          0x0000077a        0x0 c:/winavr-20100110/bin/../lib/gcc/avr/4.3.3/avr5\libgcc.a(_clear_bss.o)
 .text          0x0000077a        0x0 c:/winavr-20100110/bin/../lib/gcc/avr/4.3.3/../../../../avr/lib/avr5\libc.a(eerd_byte_atmega32u4.o)
 .text          0x0000077a        0x0 c:/winavr-20100110/bin/../lib/gcc/avr/4.3.3/../../../../avr/lib/avr5\libc.a(eeupd_byte_atmega32u4.o)
                0x0000077a                . = ALIGN (0x2)
 *(.text.*)
 .text.EVENT_USB_Device_Connect
                0x0000077a        0x2 libUSB_Serial.a(USB_Serial.o)
                0x0000077a                EVENT_USB_Device_Connect
 .text.EVENT_USB_Device_Disconnect
                0x0000077c        0x2 libUSB_Serial.a(USB_Serial.o)
                0x0000077c                EVENT_USB_Device_Disconnect
 .text.USB_SerialRx
                0x0000077e       0x20 libUSB_Serial.a(USB_Serial.o)
                0x0000077e                USB_SerialRx
 .text.USB_SerialTx
                0x0000079e        0xc libUSB_Serial.a(USB_Serial.o)
                0x0000079e                USB_SerialTx
 .text.EVENT_USB_Device_ControlRequest
                0x000007aa        0xa libUSB_Serial.a(USB_Serial.o)
                0x000007aa                EVENT_USB_Device_ControlRequest
 .text.EVENT_USB_Device_ConfigurationChanged
                0x000007b4        0xa libUSB_Serial.a(USB_Serial.o)
                0x000007b4                EVENT_USB_Device_ConfigurationChanged
 .text.SetupHardware
                0x000007be       0x30 libUSB_Serial.a(USB_Serial.o)
                0x000007be                SetupHardware
 .text.USB_SerialInit
                0x000007ee        0x6 libUSB_Serial.a(USB_Serial.o)
                0x000007ee                USB_SerialInit
 .text.USB_SerialUpdate
                0x000007f4        0xe libUSB_Serial.a(USB_Serial.o)
                0x000007f4                USB_SerialUpdate
 .text.USB_Disable
                0x00000802       0x34 libUSB_Serial.a(USBController_AVR8.o)
                0x00000802                USB_Disable
 .text.USB_ResetInterface
                0x00000836       0x8e libUSB_Serial.a(USBController_AVR8.o)
                0x00000836                USB_ResetInterface
 .text.USB_Init
                0x000008c4       0x1a libUSB_Serial.a(USBController_AVR8.o)
                0x000008c4                USB_Init
 .text.USB_INT_DisableAllInterrupts
                0x000008de       0x10 libUSB_Serial.a(USBInterrupt_AVR8.o)
                0x000008de                USB_INT_DisableAllInterrupts
 .text.USB_INT_ClearAllInterrupts
                0x000008ee        0xa libUSB_Serial.a(USBInterrupt_AVR8.o)
                0x000008ee                USB_INT_ClearAllInterrupts
 .text.__vector_10
                0x000008f8      0x192 libUSB_Serial.a(USBInterrupt_AVR8.o)
                0x000008f8                __vector_10
 .text.USB_Device_ProcessControlRequest
                0x00000a8a      0x2e6 libUSB_Serial.a(DeviceStandardReq.o)
                0x00000a8a                USB_Device_ProcessControlRequest
 .text.USB_Event_Stub
                0x00000d70        0x2 libUSB_Serial.a(Events.o)
                0x00000d70                EVENT_USB_Device_WakeUp
                0x00000d70                USB_Event_Stub
                0x00000d70                EVENT_USB_Device_Suspend
                0x00000d70                EVENT_USB_Device_StartOfFrame
                0x00000d70                EVENT_USB_Device_Reset
 .text.USB_USBTask
                0x00000d72       0x28 libUSB_Serial.a(USBTask.o)
                0x00000d72                USB_USBTask
 .text.CDC_Device_BytesReceived
                0x00000d9a       0x68 libUSB_Serial.a(CDCClassDevice.o)
                0x00000d9a                CDC_Device_BytesReceived
 .text.CDC_Device_ReceiveByte
                0x00000e02       0x76 libUSB_Serial.a(CDCClassDevice.o)
                0x00000e02                CDC_Device_ReceiveByte
 .text.CDC_Device_CreateStream
                0x00000e78       0x26 libUSB_Serial.a(CDCClassDevice.o)
                0x00000e78                CDC_Device_CreateStream
 .text.CDC_Device_CreateBlockingStream
                0x00000e9e       0x26 libUSB_Serial.a(CDCClassDevice.o)
                0x00000e9e                CDC_Device_CreateBlockingStream
 .text.CDC_Device_getchar
                0x00000ec4       0x18 libUSB_Serial.a(CDCClassDevice.o)
 .text.CDC_Device_Event_Stub
                0x00000edc        0x2 libUSB_Serial.a(CDCClassDevice.o)
                0x00000edc                EVENT_CDC_Device_LineEncodingChanged
                0x00000edc                EVENT_CDC_Device_ControLineStateChanged
                0x00000edc                EVENT_CDC_Device_BreakSent
                0x00000edc                CDC_Device_Event_Stub
 .text.CDC_Device_SendControlLineStateChange
                0x00000ede       0x8c libUSB_Serial.a(CDCClassDevice.o)
                0x00000ede                CDC_Device_SendControlLineStateChange
 .text.CDC_Device_SendData
                0x00000f6a       0x32 libUSB_Serial.a(CDCClassDevice.o)
                0x00000f6a                CDC_Device_SendData
 .text.CDC_Device_Flush
                0x00000f9c       0x68 libUSB_Serial.a(CDCClassDevice.o)
                0x00000f9c                CDC_Device_Flush
 .text.CDC_Device_USBTask
                0x00001004       0x22 libUSB_Serial.a(CDCClassDevice.o)
                0x00001004                CDC_Device_USBTask
 .text.CDC_Device_getchar_Blocking
                0x00001026       0x38 libUSB_Serial.a(CDCClassDevice.o)
 .text.CDC_Device_SendByte
                0x0000105e       0x4c libUSB_Serial.a(CDCClassDevice.o)
                0x0000105e                CDC_Device_SendByte
 .text.CDC_Device_putchar
                0x000010aa       0x20 libUSB_Serial.a(CDCClassDevice.o)
 .text.CDC_Device_SendString
                0x000010ca       0x40 libUSB_Serial.a(CDCClassDevice.o)
                0x000010ca                CDC_Device_SendString
 .text.CDC_Device_ConfigureEndpoints
                0x0000110a       0xa2 libUSB_Serial.a(CDCClassDevice.o)
                0x0000110a                CDC_Device_ConfigureEndpoints
 .text.CDC_Device_ProcessControlRequest
                0x000011ac      0x15c libUSB_Serial.a(CDCClassDevice.o)
                0x000011ac                CDC_Device_ProcessControlRequest
 .text.CALLBACK_USB_GetDescriptor
                0x00001308       0x5c libUSB_Serial.a(Descriptors.o)
                0x00001308                CALLBACK_USB_GetDescriptor
 .text.Endpoint_ConfigureEndpoint_Prv
                0x00001364       0x6a libUSB_Serial.a(Endpoint_AVR8.o)
                0x00001364                Endpoint_ConfigureEndpoint_Prv
 .text.Endpoint_ClearEndpoints
                0x000013ce       0x28 libUSB_Serial.a(Endpoint_AVR8.o)
                0x000013ce                Endpoint_ClearEndpoints
 .text.Endpoint_ClearStatusStage
                0x000013f6       0x42 libUSB_Serial.a(Endpoint_AVR8.o)
                0x000013f6                Endpoint_ClearStatusStage
 .text.Endpoint_WaitUntilReady
                0x00001438       0x64 libUSB_Serial.a(Endpoint_AVR8.o)
                0x00001438                Endpoint_WaitUntilReady
 .text.Endpoint_Write_Control_Stream_LE
                0x0000149c       0xcc libUSB_Serial.a(EndpointStream_AVR8.o)
                0x0000149c                Endpoint_Write_Control_Stream_LE
 .text.Endpoint_Write_Control_Stream_BE
                0x00001568       0xd4 libUSB_Serial.a(EndpointStream_AVR8.o)
                0x00001568                Endpoint_Write_Control_Stream_BE
 .text.Endpoint_Read_Control_Stream_LE
                0x0000163c       0x8c libUSB_Serial.a(EndpointStream_AVR8.o)
                0x0000163c                Endpoint_Read_Control_Stream_LE
 .text.Endpoint_Read_Control_Stream_BE
                0x000016c8       0x9c libUSB_Serial.a(EndpointStream_AVR8.o)
                0x000016c8                Endpoint_Read_Control_Stream_BE
 .text.Endpoint_Write_Control_PStream_LE
                0x00001764       0xd0 libUSB_Serial.a(EndpointStream_AVR8.o)
                0x00001764                Endpoint_Write_Control_PStream_LE
 .text.Endpoint_Write_Control_PStream_BE
                0x00001834       0xd6 libUSB_Serial.a(EndpointStream_AVR8.o)
                0x00001834                Endpoint_Write_Control_PStream_BE
 .text.Endpoint_Read_Control_EStream_BE
                0x0000190a       0xc2 libUSB_Serial.a(EndpointStream_AVR8.o)
                0x0000190a                Endpoint_Read_Control_EStream_BE
 .text.Endpoint_Read_Control_EStream_LE
                0x000019cc       0xb0 libUSB_Serial.a(EndpointStream_AVR8.o)
                0x000019cc                Endpoint_Read_Control_EStream_LE
 .text.Endpoint_Write_Control_EStream_BE
                0x00001a7c       0xfe libUSB_Serial.a(EndpointStream_AVR8.o)
                0x00001a7c                Endpoint_Write_Control_EStream_BE
 .text.Endpoint_Write_Control_EStream_LE
                0x00001b7a       0xf4 libUSB_Serial.a(EndpointStream_AVR8.o)
                0x00001b7a                Endpoint_Write_Control_EStream_LE
 .text.Endpoint_Null_Stream
                0x00001c6e       0x88 libUSB_Serial.a(EndpointStream_AVR8.o)
                0x00001c6e                Endpoint_Null_Stream
 .text.Endpoint_Discard_Stream
                0x00001cf6       0x88 libUSB_Serial.a(EndpointStream_AVR8.o)
                0x00001cf6                Endpoint_Discard_Stream
 .text.Endpoint_Read_EStream_BE
                0x00001d7e       0xac libUSB_Serial.a(EndpointStream_AVR8.o)
                0x00001d7e                Endpoint_Read_EStream_BE
 .text.Endpoint_Read_EStream_LE
                0x00001e2a       0xb0 libUSB_Serial.a(EndpointStream_AVR8.o)
                0x00001e2a                Endpoint_Read_EStream_LE
 .text.Endpoint_Write_EStream_BE
                0x00001eda       0xac libUSB_Serial.a(EndpointStream_AVR8.o)
                0x00001eda                Endpoint_Write_EStream_BE
 .text.Endpoint_Write_EStream_LE
                0x00001f86       0xb0 libUSB_Serial.a(EndpointStream_AVR8.o)
                0x00001f86                Endpoint_Write_EStream_LE
 .text.Endpoint_Write_PStream_BE
                0x00002036       0xaa libUSB_Serial.a(EndpointStream_AVR8.o)
                0x00002036                Endpoint_Write_PStream_BE
 .text.Endpoint_Write_PStream_LE
                0x000020e0       0xae libUSB_Serial.a(EndpointStream_AVR8.o)
                0x000020e0                Endpoint_Write_PStream_LE
 .text.Endpoint_Read_Stream_BE
                0x0000218e       0xaa libUSB_Serial.a(EndpointStream_AVR8.o)
                0x0000218e                Endpoint_Read_Stream_BE
 .text.Endpoint_Read_Stream_LE
                0x00002238       0xaa libUSB_Serial.a(EndpointStream_AVR8.o)
                0x00002238                Endpoint_Read_Stream_LE
 .text.Endpoint_Write_Stream_BE
                0x000022e2       0xaa libUSB_Serial.a(EndpointStream_AVR8.o)
                0x000022e2                Endpoint_Write_Stream_BE
 .text.Endpoint_Write_Stream_LE
                0x0000238c       0xaa libUSB_Serial.a(EndpointStream_AVR8.o)
                0x0000238c                Endpoint_Write_Stream_LE
 .text.libgcc   0x00002436       0x18 c:/winavr-20100110/bin/../lib/gcc/avr/4.3.3/avr5\libgcc.a(_udivmodqi4.o)
                0x00002436                __udivmodqi4
 .text.libgcc   0x0000244e       0x28 c:/winavr-20100110/bin/../lib/gcc/avr/4.3.3/avr5\libgcc.a(_udivmodhi4.o)
                0x0000244e                __udivmodhi4
 .text.libgcc   0x00002476        0x0 c:/winavr-20100110/bin/../lib/gcc/avr/4.3.3/avr5\libgcc.a(_exit.o)
 .text.libgcc   0x00002476        0x0 c:/winavr-20100110/bin/../lib/gcc/avr/4.3.3/avr5\libgcc.a(_copy_data.o)
 .text.libgcc   0x00002476        0x0 c:/winavr-20100110/bin/../lib/gcc/avr/4.3.3/avr5\libgcc.a(_clear_bss.o)
 .text.avr-libc
                0x00002476       0x10 c:/winavr-20100110/bin/../lib/gcc/avr/4.3.3/../../../../avr/lib/avr5\libc.a(eerd_byte_atmega32u4.o)
                0x00002476                __eerd_byte_m32u4
 .text.avr-libc
                0x00002486       0x24 c:/winavr-20100110/bin/../lib/gcc/avr/4.3.3/../../../../avr/lib/avr5\libc.a(eeupd_byte_atmega32u4.o)
                0x00002486                __eeupd_byte_m32u4
                0x00002488                __eeupd_r18_m32u4
                0x000024aa                . = ALIGN (0x2)
 *(.fini9)
 .fini9         0x000024aa        0x0 c:/winavr-20100110/bin/../lib/gcc/avr/4.3.3/avr5\libgcc.a(_exit.o)
                0x000024aa                exit
                0x000024aa                _exit
 *(.fini9)
 *(.fini8)
 *(.fini8)
 *(.fini7)
 *(.fini7)
 *(.fini6)
 *(.fini6)
 *(.fini5)
 *(.fini5)
 *(.fini4)
 *(.fini4)
 *(.fini3)
 *(.fini3)
 *(.fini2)
 *(.fini2)
 *(.fini1)
 *(.fini1)
 *(.fini0)
 .fini0         0x000024aa        0x4 c:/winavr-20100110/bin/../lib/gcc/avr/4.3.3/avr5\libgcc.a(_exit.o)
 *(.fini0)
                0x000024ae                _etext = .

.data           0x00800100       0x26 load address 0x000024ae
                0x00800100                PROVIDE (__data_start, .)
 *(.data)
 .data          0x00800100        0x0 c:/winavr-20100110/bin/../lib/gcc/avr/4.3.3/../../../../avr/lib/avr5/crtm32u4.o
 .data          0x00800100        0x6 main.o
 .data          0x00800106        0x0 delay.o
 .data          0x00800106        0x0 comunicacion.o
 .data          0x00800106        0x0 reloj.o
 .data          0x00800106        0x0 Timer0.o
 .data          0x00800106        0x0 Timer1.o
 .data          0x00800106        0x0 uart.o
 .data          0x00800106        0x0 eeprom.o
 .data          0x00800106        0x0 adc.o
 .data          0x00800106        0x0 comparador.o
 .data          0x00800106       0x18 libUSB_Serial.a(USB_Serial.o)
                0x00800106                VirtualSerial_CDC_Interface
 .data          0x0080011e        0x0 libUSB_Serial.a(USBController_AVR8.o)
 .data          0x0080011e        0x0 libUSB_Serial.a(USBInterrupt_AVR8.o)
 .data          0x0080011e        0x0 libUSB_Serial.a(DeviceStandardReq.o)
 .data          0x0080011e        0x0 libUSB_Serial.a(Events.o)
 .data          0x0080011e        0x0 libUSB_Serial.a(USBTask.o)
 .data          0x0080011e        0x8 libUSB_Serial.a(CDCClassDevice.o)
 .data          0x00800126        0x0 libUSB_Serial.a(Descriptors.o)
 .data          0x00800126        0x0 libUSB_Serial.a(Endpoint_AVR8.o)
 .data          0x00800126        0x0 libUSB_Serial.a(EndpointStream_AVR8.o)
 .data          0x00800126        0x0 c:/winavr-20100110/bin/../lib/gcc/avr/4.3.3/avr5\libgcc.a(_udivmodqi4.o)
 .data          0x00800126        0x0 c:/winavr-20100110/bin/../lib/gcc/avr/4.3.3/avr5\libgcc.a(_udivmodhi4.o)
 .data          0x00800126        0x0 c:/winavr-20100110/bin/../lib/gcc/avr/4.3.3/avr5\libgcc.a(_exit.o)
 .data          0x00800126        0x0 c:/winavr-20100110/bin/../lib/gcc/avr/4.3.3/avr5\libgcc.a(_copy_data.o)
 .data          0x00800126        0x0 c:/winavr-20100110/bin/../lib/gcc/avr/4.3.3/avr5\libgcc.a(_clear_bss.o)
 .data          0x00800126        0x0 c:/winavr-20100110/bin/../lib/gcc/avr/4.3.3/../../../../avr/lib/avr5\libc.a(eerd_byte_atmega32u4.o)
 .data          0x00800126        0x0 c:/winavr-20100110/bin/../lib/gcc/avr/4.3.3/../../../../avr/lib/avr5\libc.a(eeupd_byte_atmega32u4.o)
 *(.data*)
 *(.rodata)
 *(.rodata*)
 *(.gnu.linkonce.d*)
                0x00800126                . = ALIGN (0x2)
                0x00800126                _edata = .
                0x00800126                PROVIDE (__data_end, .)

.bss            0x00800126       0x2c
                0x00800126                PROVIDE (__bss_start, .)
 *(.bss)
 .bss           0x00800126        0x0 c:/winavr-20100110/bin/../lib/gcc/avr/4.3.3/../../../../avr/lib/avr5/crtm32u4.o
 .bss           0x00800126        0x0 main.o
 .bss           0x00800126        0x0 delay.o
 .bss           0x00800126        0x0 comunicacion.o
 .bss           0x00800126        0x0 reloj.o
 .bss           0x00800126        0x2 Timer0.o
 .bss           0x00800128        0x0 Timer1.o
 .bss           0x00800128        0x0 uart.o
 .bss           0x00800128        0x0 eeprom.o
 .bss           0x00800128        0x0 adc.o
 .bss           0x00800128        0x1 comparador.o
 .bss           0x00800129        0x0 libUSB_Serial.a(USB_Serial.o)
 .bss           0x00800129        0x0 libUSB_Serial.a(USBController_AVR8.o)
 .bss           0x00800129        0x0 libUSB_Serial.a(USBInterrupt_AVR8.o)
 .bss           0x00800129        0x0 libUSB_Serial.a(DeviceStandardReq.o)
 .bss           0x00800129        0x0 libUSB_Serial.a(Events.o)
 .bss           0x00800129        0x0 libUSB_Serial.a(USBTask.o)
 .bss           0x00800129        0x0 libUSB_Serial.a(CDCClassDevice.o)
 .bss           0x00800129        0x0 libUSB_Serial.a(Descriptors.o)
 .bss           0x00800129        0x0 libUSB_Serial.a(Endpoint_AVR8.o)
 .bss           0x00800129        0x0 libUSB_Serial.a(EndpointStream_AVR8.o)
 .bss           0x00800129        0x0 c:/winavr-20100110/bin/../lib/gcc/avr/4.3.3/avr5\libgcc.a(_udivmodqi4.o)
 .bss           0x00800129        0x0 c:/winavr-20100110/bin/../lib/gcc/avr/4.3.3/avr5\libgcc.a(_udivmodhi4.o)
 .bss           0x00800129        0x0 c:/winavr-20100110/bin/../lib/gcc/avr/4.3.3/avr5\libgcc.a(_exit.o)
 .bss           0x00800129        0x0 c:/winavr-20100110/bin/../lib/gcc/avr/4.3.3/avr5\libgcc.a(_copy_data.o)
 .bss           0x00800129        0x0 c:/winavr-20100110/bin/../lib/gcc/avr/4.3.3/avr5\libgcc.a(_clear_bss.o)
 .bss           0x00800129        0x0 c:/winavr-20100110/bin/../lib/gcc/avr/4.3.3/../../../../avr/lib/avr5\libc.a(eerd_byte_atmega32u4.o)
 .bss           0x00800129        0x0 c:/winavr-20100110/bin/../lib/gcc/avr/4.3.3/../../../../avr/lib/avr5\libc.a(eeupd_byte_atmega32u4.o)
 *(.bss*)
 *(COMMON)
 COMMON         0x00800129       0x16 main.o
                0x00800129                dataE
                0x0080012a                dato
                0x0080012b                cad
 COMMON         0x0080013f        0x6 reloj.o
                0x0080013f                horas
                0x00800140                dia
                0x00800141                seg
                0x00800142                anio
                0x00800143                min
                0x00800144                mes
 COMMON         0x00800145        0x3 libUSB_Serial.a(DeviceStandardReq.o)
                0x00800145                USB_Device_ConfigurationNumber
                0x00800146                USB_Device_CurrentlySelfPowered
                0x00800147                USB_Device_RemoteWakeupEnabled
 COMMON         0x00800148        0xa libUSB_Serial.a(USBTask.o)
                0x00800148                USB_IsInitialized
                0x00800149                USB_DeviceState
                0x0080014a                USB_ControlRequest
                0x00800152                PROVIDE (__bss_end, .)
                0x000024ae                __data_load_start = LOADADDR (.data)
                0x000024d4                __data_load_end = (__data_load_start + SIZEOF (.data))

.noinit         0x00800152        0x0
                0x00800152                PROVIDE (__noinit_start, .)
 *(.noinit*)
                0x00800152                PROVIDE (__noinit_end, .)
                0x00800152                _end = .
                0x00800152                PROVIDE (__heap_start, .)

.eeprom         0x00810000        0x0
 *(.eeprom*)
                0x00810000                __eeprom_end = .

.fuse
 *(.fuse)
 *(.lfuse)
 *(.hfuse)
 *(.efuse)

.lock
 *(.lock*)

.signature
 *(.signature*)

.stab
 *(.stab)

.stabstr
 *(.stabstr)

.stab.excl
 *(.stab.excl)

.stab.exclstr
 *(.stab.exclstr)

.stab.index
 *(.stab.index)

.stab.indexstr
 *(.stab.indexstr)

.comment
 *(.comment)

.debug
 *(.debug)

.line
 *(.line)

.debug_srcinfo
 *(.debug_srcinfo)

.debug_sfnames
 *(.debug_sfnames)

.debug_aranges  0x00000000      0x418
 *(.debug_aranges)
 .debug_aranges
                0x00000000       0x20 main.o
 .debug_aranges
                0x00000020       0x20 delay.o
 .debug_aranges
                0x00000040       0x20 comunicacion.o
 .debug_aranges
                0x00000060       0x20 reloj.o
 .debug_aranges
                0x00000080       0x20 Timer0.o
 .debug_aranges
                0x000000a0       0x20 Timer1.o
 .debug_aranges
                0x000000c0       0x20 uart.o
 .debug_aranges
                0x000000e0       0x20 eeprom.o
 .debug_aranges
                0x00000100       0x20 adc.o
 .debug_aranges
                0x00000120       0x20 comparador.o
 .debug_aranges
                0x00000140       0x60 libUSB_Serial.a(USB_Serial.o)
 .debug_aranges
                0x000001a0       0x30 libUSB_Serial.a(USBController_AVR8.o)
 .debug_aranges
                0x000001d0       0x30 libUSB_Serial.a(USBInterrupt_AVR8.o)
 .debug_aranges
                0x00000200       0x20 libUSB_Serial.a(DeviceStandardReq.o)
 .debug_aranges
                0x00000220       0x20 libUSB_Serial.a(Events.o)
 .debug_aranges
                0x00000240       0x20 libUSB_Serial.a(USBTask.o)
 .debug_aranges
                0x00000260       0x98 libUSB_Serial.a(CDCClassDevice.o)
 .debug_aranges
                0x000002f8       0x20 libUSB_Serial.a(Descriptors.o)
 .debug_aranges
                0x00000318       0x38 libUSB_Serial.a(Endpoint_AVR8.o)
 .debug_aranges
                0x00000350       0xc8 libUSB_Serial.a(EndpointStream_AVR8.o)

.debug_pubnames
                0x00000000      0xb5b
 *(.debug_pubnames)
 .debug_pubnames
                0x00000000       0x36 main.o
 .debug_pubnames
                0x00000036       0x2a delay.o
 .debug_pubnames
                0x00000060       0x66 comunicacion.o
 .debug_pubnames
                0x000000c6       0x86 reloj.o
 .debug_pubnames
                0x0000014c       0x32 Timer0.o
 .debug_pubnames
                0x0000017e       0x22 Timer1.o
 .debug_pubnames
                0x000001a0       0x7b uart.o
 .debug_pubnames
                0x0000021b       0x4a eeprom.o
 .debug_pubnames
                0x00000265       0x2c adc.o
 .debug_pubnames
                0x00000291       0x4d comparador.o
 .debug_pubnames
                0x000002de      0x119 libUSB_Serial.a(USB_Serial.o)
 .debug_pubnames
                0x000003f7       0x46 libUSB_Serial.a(USBController_AVR8.o)
 .debug_pubnames
                0x0000043d       0x62 libUSB_Serial.a(USBInterrupt_AVR8.o)
 .debug_pubnames
                0x0000049f       0xa1 libUSB_Serial.a(DeviceStandardReq.o)
 .debug_pubnames
                0x00000540       0x25 libUSB_Serial.a(Events.o)
 .debug_pubnames
                0x00000565       0x63 libUSB_Serial.a(USBTask.o)
 .debug_pubnames
                0x000005c8      0x18b libUSB_Serial.a(CDCClassDevice.o)
 .debug_pubnames
                0x00000753       0x9e libUSB_Serial.a(Descriptors.o)
 .debug_pubnames
                0x000007f1       0x8b libUSB_Serial.a(Endpoint_AVR8.o)
 .debug_pubnames
                0x0000087c      0x2df libUSB_Serial.a(EndpointStream_AVR8.o)

.debug_info     0x00000000     0x5277
 *(.debug_info)
 .debug_info    0x00000000       0xc6 main.o
 .debug_info    0x000000c6       0xb4 delay.o
 .debug_info    0x0000017a      0x25e comunicacion.o
 .debug_info    0x000003d8      0x190 reloj.o
 .debug_info    0x00000568       0xc2 Timer0.o
 .debug_info    0x0000062a       0x72 Timer1.o
 .debug_info    0x0000069c      0x19c uart.o
 .debug_info    0x00000838       0xff eeprom.o
 .debug_info    0x00000937       0xac adc.o
 .debug_info    0x000009e3       0xb4 comparador.o
 .debug_info    0x00000a97      0x3cc libUSB_Serial.a(USB_Serial.o)
 .debug_info    0x00000e63      0x496 libUSB_Serial.a(USBController_AVR8.o)
 .debug_info    0x000012f9      0x56d libUSB_Serial.a(USBInterrupt_AVR8.o)
 .debug_info    0x00001866      0x9ed libUSB_Serial.a(DeviceStandardReq.o)
 .debug_info    0x00002253       0x79 libUSB_Serial.a(Events.o)
 .debug_info    0x000022cc      0x23b libUSB_Serial.a(USBTask.o)
 .debug_info    0x00002507      0xd1b libUSB_Serial.a(CDCClassDevice.o)
 .debug_info    0x00003222      0x691 libUSB_Serial.a(Descriptors.o)
 .debug_info    0x000038b3      0x449 libUSB_Serial.a(Endpoint_AVR8.o)
 .debug_info    0x00003cfc     0x157b libUSB_Serial.a(EndpointStream_AVR8.o)
 *(.gnu.linkonce.wi.*)

.debug_abbrev   0x00000000     0x1626
 *(.debug_abbrev)
 .debug_abbrev  0x00000000       0x7e main.o
 .debug_abbrev  0x0000007e       0x79 delay.o
 .debug_abbrev  0x000000f7       0xf4 comunicacion.o
 .debug_abbrev  0x000001eb       0xb2 reloj.o
 .debug_abbrev  0x0000029d       0x86 Timer0.o
 .debug_abbrev  0x00000323       0x3f Timer1.o
 .debug_abbrev  0x00000362      0x138 uart.o
 .debug_abbrev  0x0000049a       0x81 eeprom.o
 .debug_abbrev  0x0000051b       0x70 adc.o
 .debug_abbrev  0x0000058b       0x6c comparador.o
 .debug_abbrev  0x000005f7      0x189 libUSB_Serial.a(USB_Serial.o)
 .debug_abbrev  0x00000780      0x15a libUSB_Serial.a(USBController_AVR8.o)
 .debug_abbrev  0x000008da      0x176 libUSB_Serial.a(USBInterrupt_AVR8.o)
 .debug_abbrev  0x00000a50      0x22d libUSB_Serial.a(DeviceStandardReq.o)
 .debug_abbrev  0x00000c7d       0x4a libUSB_Serial.a(Events.o)
 .debug_abbrev  0x00000cc7      0x15d libUSB_Serial.a(USBTask.o)
 .debug_abbrev  0x00000e24      0x347 libUSB_Serial.a(CDCClassDevice.o)
 .debug_abbrev  0x0000116b      0x170 libUSB_Serial.a(Descriptors.o)
 .debug_abbrev  0x000012db      0x1a1 libUSB_Serial.a(Endpoint_AVR8.o)
 .debug_abbrev  0x0000147c      0x1aa libUSB_Serial.a(EndpointStream_AVR8.o)

.debug_line     0x00000000     0x45c0
 *(.debug_line)
 .debug_line    0x00000000       0xa0 main.o
 .debug_line    0x000000a0       0xe1 delay.o
 .debug_line    0x00000181      0x256 comunicacion.o
 .debug_line    0x000003d7      0x23a reloj.o
 .debug_line    0x00000611       0xfb Timer0.o
 .debug_line    0x0000070c       0x7a Timer1.o
 .debug_line    0x00000786      0x14e uart.o
 .debug_line    0x000008d4       0xda eeprom.o
 .debug_line    0x000009ae       0xd0 adc.o
 .debug_line    0x00000a7e       0xb6 comparador.o
 .debug_line    0x00000b34      0x319 libUSB_Serial.a(USB_Serial.o)
 .debug_line    0x00000e4d      0x350 libUSB_Serial.a(USBController_AVR8.o)
 .debug_line    0x0000119d      0x4f9 libUSB_Serial.a(USBInterrupt_AVR8.o)
 .debug_line    0x00001696      0x5c9 libUSB_Serial.a(DeviceStandardReq.o)
 .debug_line    0x00001c5f       0x80 libUSB_Serial.a(Events.o)
 .debug_line    0x00001cdf      0x1ab libUSB_Serial.a(USBTask.o)
 .debug_line    0x00001e8a      0x96c libUSB_Serial.a(CDCClassDevice.o)
 .debug_line    0x000027f6      0x1ce libUSB_Serial.a(Descriptors.o)
 .debug_line    0x000029c4      0x43d libUSB_Serial.a(Endpoint_AVR8.o)
 .debug_line    0x00002e01     0x17bf libUSB_Serial.a(EndpointStream_AVR8.o)

.debug_frame    0x00000000      0x700
 *(.debug_frame)
 .debug_frame   0x00000000       0x20 main.o
 .debug_frame   0x00000020       0x30 delay.o
 .debug_frame   0x00000050       0x80 comunicacion.o
 .debug_frame   0x000000d0       0x50 reloj.o
 .debug_frame   0x00000120       0x30 Timer0.o
 .debug_frame   0x00000150       0x20 Timer1.o
 .debug_frame   0x00000170       0x70 uart.o
 .debug_frame   0x000001e0       0x40 eeprom.o
 .debug_frame   0x00000220       0x30 adc.o
 .debug_frame   0x00000250       0x40 comparador.o
 .debug_frame   0x00000290       0xa0 libUSB_Serial.a(USB_Serial.o)
 .debug_frame   0x00000330       0x40 libUSB_Serial.a(USBController_AVR8.o)
 .debug_frame   0x00000370       0x40 libUSB_Serial.a(USBInterrupt_AVR8.o)
 .debug_frame   0x000003b0       0x20 libUSB_Serial.a(DeviceStandardReq.o)
 .debug_frame   0x000003d0       0x20 libUSB_Serial.a(Events.o)
 .debug_frame   0x000003f0       0x20 libUSB_Serial.a(USBTask.o)
 .debug_frame   0x00000410      0x110 libUSB_Serial.a(CDCClassDevice.o)
 .debug_frame   0x00000520       0x20 libUSB_Serial.a(Descriptors.o)
 .debug_frame   0x00000540       0x50 libUSB_Serial.a(Endpoint_AVR8.o)
 .debug_frame   0x00000590      0x170 libUSB_Serial.a(EndpointStream_AVR8.o)

.debug_str      0x00000000     0x1fe4
 *(.debug_str)
 .debug_str     0x00000000       0x87 main.o
                                 0xc0 (size before relaxing)
 .debug_str     0x00000087       0x1d delay.o
                                 0x5a (size before relaxing)
 .debug_str     0x000000a4       0x81 comunicacion.o
                                0x12f (size before relaxing)
 .debug_str     0x00000125       0x65 reloj.o
                                0x116 (size before relaxing)
 .debug_str     0x0000018a       0x31 Timer0.o
                                 0xe6 (size before relaxing)
 .debug_str     0x000001bb       0x15 Timer1.o
                                 0xb9 (size before relaxing)
 .debug_str     0x000001d0       0x58 uart.o
                                0x106 (size before relaxing)
 .debug_str     0x00000228       0x46 eeprom.o
                                 0xea (size before relaxing)
 .debug_str     0x0000026e       0x18 adc.o
                                 0xd4 (size before relaxing)
 .debug_str     0x00000286       0x52 comparador.o
                                 0xf6 (size before relaxing)
 .debug_str     0x000002d8      0x386 libUSB_Serial.a(USB_Serial.o)
                                0x42f (size before relaxing)
 .debug_str     0x0000065e      0x349 libUSB_Serial.a(USBController_AVR8.o)
                                0x44a (size before relaxing)
 .debug_str     0x000009a7      0x104 libUSB_Serial.a(USBInterrupt_AVR8.o)
                                0x3bc (size before relaxing)
 .debug_str     0x00000aab      0x5fd libUSB_Serial.a(DeviceStandardReq.o)
                                0x83a (size before relaxing)
 .debug_str     0x000010a8       0x34 libUSB_Serial.a(Events.o)
                                 0xed (size before relaxing)
 .debug_str     0x000010dc       0x6a libUSB_Serial.a(USBTask.o)
                                0x28d (size before relaxing)
 .debug_str     0x00001146      0x531 libUSB_Serial.a(CDCClassDevice.o)
                                0x9e1 (size before relaxing)
 .debug_str     0x00001677      0x426 libUSB_Serial.a(Descriptors.o)
                                0x682 (size before relaxing)
 .debug_str     0x00001a9d      0x1a2 libUSB_Serial.a(Endpoint_AVR8.o)
                                0x4c5 (size before relaxing)
 .debug_str     0x00001c3f      0x3a5 libUSB_Serial.a(EndpointStream_AVR8.o)
                                0x764 (size before relaxing)

.debug_loc      0x00000000     0x25ea
 *(.debug_loc)
 .debug_loc     0x00000000      0x230 comunicacion.o
 .debug_loc     0x00000230       0x5a reloj.o
 .debug_loc     0x0000028a       0x81 uart.o
 .debug_loc     0x0000030b       0x88 eeprom.o
 .debug_loc     0x00000393       0x86 libUSB_Serial.a(USB_Serial.o)
 .debug_loc     0x00000419      0x25a libUSB_Serial.a(DeviceStandardReq.o)
 .debug_loc     0x00000673      0x512 libUSB_Serial.a(CDCClassDevice.o)
 .debug_loc     0x00000b85      0x160 libUSB_Serial.a(Descriptors.o)
 .debug_loc     0x00000ce5       0x7f libUSB_Serial.a(Endpoint_AVR8.o)
 .debug_loc     0x00000d64     0x1886 libUSB_Serial.a(EndpointStream_AVR8.o)

.debug_macinfo
 *(.debug_macinfo)
OUTPUT(main.elf elf32-avr)
LOAD linker stubs

.debug_ranges   0x00000000      0x330
 .debug_ranges  0x00000000       0x18 uart.o
 .debug_ranges  0x00000018       0x58 libUSB_Serial.a(USB_Serial.o)
 .debug_ranges  0x00000070       0x28 libUSB_Serial.a(USBController_AVR8.o)
 .debug_ranges  0x00000098       0x28 libUSB_Serial.a(USBInterrupt_AVR8.o)
 .debug_ranges  0x000000c0       0x78 libUSB_Serial.a(DeviceStandardReq.o)
 .debug_ranges  0x00000138       0x18 libUSB_Serial.a(Events.o)
 .debug_ranges  0x00000150       0x30 libUSB_Serial.a(USBTask.o)
 .debug_ranges  0x00000180       0x90 libUSB_Serial.a(CDCClassDevice.o)
 .debug_ranges  0x00000210       0x18 libUSB_Serial.a(Descriptors.o)
 .debug_ranges  0x00000228       0x48 libUSB_Serial.a(Endpoint_AVR8.o)
 .debug_ranges  0x00000270       0xc0 libUSB_Serial.a(EndpointStream_AVR8.o)

Cross Reference Table

Symbol                                            File
ADC_init                                          adc.o
ADC_read                                          adc.o
CALLBACK_USB_GetDescriptor                        libUSB_Serial.a(Descriptors.o)
                                                  libUSB_Serial.a(DeviceStandardReq.o)
CDC_Device_BytesReceived                          libUSB_Serial.a(CDCClassDevice.o)
CDC_Device_ConfigureEndpoints                     libUSB_Serial.a(CDCClassDevice.o)
                                                  libUSB_Serial.a(USB_Serial.o)
CDC_Device_CreateBlockingStream                   libUSB_Serial.a(CDCClassDevice.o)
CDC_Device_CreateStream                           libUSB_Serial.a(CDCClassDevice.o)
CDC_Device_Event_Stub                             libUSB_Serial.a(CDCClassDevice.o)
CDC_Device_Flush                                  libUSB_Serial.a(CDCClassDevice.o)
CDC_Device_ProcessControlRequest                  libUSB_Serial.a(CDCClassDevice.o)
                                                  libUSB_Serial.a(USB_Serial.o)
CDC_Device_ReceiveByte                            libUSB_Serial.a(CDCClassDevice.o)
                                                  libUSB_Serial.a(USB_Serial.o)
CDC_Device_SendByte                               libUSB_Serial.a(CDCClassDevice.o)
                                                  libUSB_Serial.a(USB_Serial.o)
CDC_Device_SendControlLineStateChange             libUSB_Serial.a(CDCClassDevice.o)
CDC_Device_SendData                               libUSB_Serial.a(CDCClassDevice.o)
CDC_Device_SendString                             libUSB_Serial.a(CDCClassDevice.o)
CDC_Device_USBTask                                libUSB_Serial.a(CDCClassDevice.o)
                                                  libUSB_Serial.a(USB_Serial.o)
Clock_Display                                     reloj.o
                                                  Timer0.o
Clock_Init                                        reloj.o
                                                  main.o
Clock_Update                                      reloj.o
                                                  Timer0.o
ConfigurationDescriptor                           libUSB_Serial.a(Descriptors.o)
DeviceDescriptor                                  libUSB_Serial.a(Descriptors.o)
EEPROM_read                                       eeprom.o
EEPROM_write                                      eeprom.o
EEPROM_writeString                                eeprom.o
EVENT_CDC_Device_BreakSent                        libUSB_Serial.a(CDCClassDevice.o)
EVENT_CDC_Device_ControLineStateChanged           libUSB_Serial.a(CDCClassDevice.o)
EVENT_CDC_Device_LineEncodingChanged              libUSB_Serial.a(CDCClassDevice.o)
EVENT_USB_Device_ConfigurationChanged             libUSB_Serial.a(USB_Serial.o)
                                                  libUSB_Serial.a(DeviceStandardReq.o)
EVENT_USB_Device_Connect                          libUSB_Serial.a(USB_Serial.o)
                                                  libUSB_Serial.a(USBInterrupt_AVR8.o)
EVENT_USB_Device_ControlRequest                   libUSB_Serial.a(USB_Serial.o)
                                                  libUSB_Serial.a(DeviceStandardReq.o)
EVENT_USB_Device_Disconnect                       libUSB_Serial.a(USB_Serial.o)
                                                  libUSB_Serial.a(USBInterrupt_AVR8.o)
EVENT_USB_Device_Reset                            libUSB_Serial.a(Events.o)
                                                  libUSB_Serial.a(USBInterrupt_AVR8.o)
EVENT_USB_Device_StartOfFrame                     libUSB_Serial.a(Events.o)
                                                  libUSB_Serial.a(USBInterrupt_AVR8.o)
EVENT_USB_Device_Suspend                          libUSB_Serial.a(Events.o)
                                                  libUSB_Serial.a(USBInterrupt_AVR8.o)
EVENT_USB_Device_WakeUp                           libUSB_Serial.a(Events.o)
                                                  libUSB_Serial.a(USBInterrupt_AVR8.o)
Endpoint_ClearEndpoints                           libUSB_Serial.a(Endpoint_AVR8.o)
Endpoint_ClearStatusStage                         libUSB_Serial.a(Endpoint_AVR8.o)
                                                  libUSB_Serial.a(CDCClassDevice.o)
                                                  libUSB_Serial.a(DeviceStandardReq.o)
Endpoint_ConfigureEndpoint_Prv                    libUSB_Serial.a(Endpoint_AVR8.o)
                                                  libUSB_Serial.a(CDCClassDevice.o)
                                                  libUSB_Serial.a(USBInterrupt_AVR8.o)
                                                  libUSB_Serial.a(USBController_AVR8.o)
Endpoint_Discard_Stream                           libUSB_Serial.a(EndpointStream_AVR8.o)
Endpoint_Null_Stream                              libUSB_Serial.a(EndpointStream_AVR8.o)
Endpoint_Read_Control_EStream_BE                  libUSB_Serial.a(EndpointStream_AVR8.o)
Endpoint_Read_Control_EStream_LE                  libUSB_Serial.a(EndpointStream_AVR8.o)
Endpoint_Read_Control_Stream_BE                   libUSB_Serial.a(EndpointStream_AVR8.o)
Endpoint_Read_Control_Stream_LE                   libUSB_Serial.a(EndpointStream_AVR8.o)
Endpoint_Read_EStream_BE                          libUSB_Serial.a(EndpointStream_AVR8.o)
Endpoint_Read_EStream_LE                          libUSB_Serial.a(EndpointStream_AVR8.o)
Endpoint_Read_Stream_BE                           libUSB_Serial.a(EndpointStream_AVR8.o)
Endpoint_Read_Stream_LE                           libUSB_Serial.a(EndpointStream_AVR8.o)
Endpoint_WaitUntilReady                           libUSB_Serial.a(Endpoint_AVR8.o)
                                                  libUSB_Serial.a(EndpointStream_AVR8.o)
                                                  libUSB_Serial.a(CDCClassDevice.o)
Endpoint_Write_Control_EStream_BE                 libUSB_Serial.a(EndpointStream_AVR8.o)
Endpoint_Write_Control_EStream_LE                 libUSB_Serial.a(EndpointStream_AVR8.o)
Endpoint_Write_Control_PStream_BE                 libUSB_Serial.a(EndpointStream_AVR8.o)
Endpoint_Write_Control_PStream_LE                 libUSB_Serial.a(EndpointStream_AVR8.o)
                                                  libUSB_Serial.a(DeviceStandardReq.o)
Endpoint_Write_Control_Stream_BE                  libUSB_Serial.a(EndpointStream_AVR8.o)
Endpoint_Write_Control_Stream_LE                  libUSB_Serial.a(EndpointStream_AVR8.o)
                                                  libUSB_Serial.a(DeviceStandardReq.o)
Endpoint_Write_EStream_BE                         libUSB_Serial.a(EndpointStream_AVR8.o)
Endpoint_Write_EStream_LE                         libUSB_Serial.a(EndpointStream_AVR8.o)
Endpoint_Write_PStream_BE                         libUSB_Serial.a(EndpointStream_AVR8.o)
Endpoint_Write_PStream_LE                         libUSB_Serial.a(EndpointStream_AVR8.o)
Endpoint_Write_Stream_BE                          libUSB_Serial.a(EndpointStream_AVR8.o)
Endpoint_Write_Stream_LE                          libUSB_Serial.a(EndpointStream_AVR8.o)
                                                  libUSB_Serial.a(CDCClassDevice.o)
IR_ReceiveMSG                                     uart.o
LanguageString                                    libUSB_Serial.a(Descriptors.o)
ManufacturerString                                libUSB_Serial.a(Descriptors.o)
PrintDec2d                                        reloj.o
ProductString                                     libUSB_Serial.a(Descriptors.o)
SetupHardware                                     libUSB_Serial.a(USB_Serial.o)
Timer0_Init                                       Timer0.o
                                                  main.o
Timer1_Init                                       Timer1.o
USART_Init                                        uart.o
USART_Receive                                     uart.o
USART_Transmit                                    uart.o
USART_available                                   uart.o
USART_puts                                        uart.o
USB_ControlRequest                                libUSB_Serial.a(EndpointStream_AVR8.o)
                                                  libUSB_Serial.a(Endpoint_AVR8.o)
                                                  libUSB_Serial.a(CDCClassDevice.o)
                                                  libUSB_Serial.a(USBTask.o)
                                                  libUSB_Serial.a(DeviceStandardReq.o)
USB_DeviceState                                   libUSB_Serial.a(EndpointStream_AVR8.o)
                                                  libUSB_Serial.a(Endpoint_AVR8.o)
                                                  libUSB_Serial.a(CDCClassDevice.o)
                                                  libUSB_Serial.a(USBTask.o)
                                                  libUSB_Serial.a(DeviceStandardReq.o)
                                                  libUSB_Serial.a(USBInterrupt_AVR8.o)
                                                  libUSB_Serial.a(USBController_AVR8.o)
USB_Device_ConfigurationNumber                    libUSB_Serial.a(DeviceStandardReq.o)
                                                  libUSB_Serial.a(USBInterrupt_AVR8.o)
                                                  libUSB_Serial.a(USBController_AVR8.o)
USB_Device_CurrentlySelfPowered                   libUSB_Serial.a(DeviceStandardReq.o)
                                                  libUSB_Serial.a(USBController_AVR8.o)
USB_Device_ProcessControlRequest                  libUSB_Serial.a(DeviceStandardReq.o)
                                                  libUSB_Serial.a(USBTask.o)
USB_Device_RemoteWakeupEnabled                    libUSB_Serial.a(DeviceStandardReq.o)
                                                  libUSB_Serial.a(USBController_AVR8.o)
USB_Disable                                       libUSB_Serial.a(USBController_AVR8.o)
USB_Event_Stub                                    libUSB_Serial.a(Events.o)
USB_INT_ClearAllInterrupts                        libUSB_Serial.a(USBInterrupt_AVR8.o)
                                                  libUSB_Serial.a(USBController_AVR8.o)
USB_INT_DisableAllInterrupts                      libUSB_Serial.a(USBInterrupt_AVR8.o)
                                                  libUSB_Serial.a(USBController_AVR8.o)
USB_Init                                          libUSB_Serial.a(USBController_AVR8.o)
                                                  libUSB_Serial.a(USB_Serial.o)
USB_IsInitialized                                 libUSB_Serial.a(USBTask.o)
                                                  libUSB_Serial.a(USBController_AVR8.o)
USB_ResetInterface                                libUSB_Serial.a(USBController_AVR8.o)
USB_Rx                                            comunicacion.o
                                                  main.o
USB_SerialInit                                    libUSB_Serial.a(USB_Serial.o)
                                                  main.o
USB_SerialRx                                      libUSB_Serial.a(USB_Serial.o)
                                                  comunicacion.o
USB_SerialTx                                      libUSB_Serial.a(USB_Serial.o)
                                                  comunicacion.o
USB_SerialUpdate                                  libUSB_Serial.a(USB_Serial.o)
                                                  comunicacion.o
USB_TX                                            comunicacion.o
                                                  reloj.o
                                                  main.o
USB_USBTask                                       libUSB_Serial.a(USBTask.o)
                                                  libUSB_Serial.a(EndpointStream_AVR8.o)
                                                  libUSB_Serial.a(CDCClassDevice.o)
                                                  libUSB_Serial.a(USB_Serial.o)
USB_getsRX                                        comunicacion.o
USB_putsTX                                        comunicacion.o
                                                  main.o
VirtualSerial_CDC_Interface                       libUSB_Serial.a(USB_Serial.o)
__bad_interrupt                                   c:/winavr-20100110/bin/../lib/gcc/avr/4.3.3/../../../../avr/lib/avr5/crtm32u4.o
__bss_end                                         c:/winavr-20100110/bin/../lib/gcc/avr/4.3.3/avr5\libgcc.a(_clear_bss.o)
__bss_start                                       c:/winavr-20100110/bin/../lib/gcc/avr/4.3.3/avr5\libgcc.a(_clear_bss.o)
__data_end                                        c:/winavr-20100110/bin/../lib/gcc/avr/4.3.3/avr5\libgcc.a(_copy_data.o)
__data_load_start                                 c:/winavr-20100110/bin/../lib/gcc/avr/4.3.3/avr5\libgcc.a(_copy_data.o)
__data_start                                      c:/winavr-20100110/bin/../lib/gcc/avr/4.3.3/avr5\libgcc.a(_copy_data.o)
__do_clear_bss                                    c:/winavr-20100110/bin/../lib/gcc/avr/4.3.3/avr5\libgcc.a(_clear_bss.o)
                                                  libUSB_Serial.a(USBTask.o)
                                                  libUSB_Serial.a(DeviceStandardReq.o)
                                                  comparador.o
                                                  Timer0.o
                                                  reloj.o
                                                  main.o
__do_copy_data                                    c:/winavr-20100110/bin/../lib/gcc/avr/4.3.3/avr5\libgcc.a(_copy_data.o)
                                                  libUSB_Serial.a(CDCClassDevice.o)
                                                  libUSB_Serial.a(USB_Serial.o)
                                                  main.o
__eerd_byte_m32u4                                 c:/winavr-20100110/bin/../lib/gcc/avr/4.3.3/../../../../avr/lib/avr5\libc.a(eerd_byte_atmega32u4.o)
                                                  libUSB_Serial.a(EndpointStream_AVR8.o)
__eeupd_byte_m32u4                                c:/winavr-20100110/bin/../lib/gcc/avr/4.3.3/../../../../avr/lib/avr5\libc.a(eeupd_byte_atmega32u4.o)
                                                  libUSB_Serial.a(EndpointStream_AVR8.o)
__eeupd_r18_m32u4                                 c:/winavr-20100110/bin/../lib/gcc/avr/4.3.3/../../../../avr/lib/avr5\libc.a(eeupd_byte_atmega32u4.o)
__heap_end                                        c:/winavr-20100110/bin/../lib/gcc/avr/4.3.3/../../../../avr/lib/avr5/crtm32u4.o
__init                                            c:/winavr-20100110/bin/../lib/gcc/avr/4.3.3/../../../../avr/lib/avr5/crtm32u4.o
__stack                                           c:/winavr-20100110/bin/../lib/gcc/avr/4.3.3/../../../../avr/lib/avr5/crtm32u4.o
__udivmodhi4                                      c:/winavr-20100110/bin/../lib/gcc/avr/4.3.3/avr5\libgcc.a(_udivmodhi4.o)
                                                  comunicacion.o
__udivmodqi4                                      c:/winavr-20100110/bin/../lib/gcc/avr/4.3.3/avr5\libgcc.a(_udivmodqi4.o)
                                                  reloj.o
__vector_1                                        c:/winavr-20100110/bin/../lib/gcc/avr/4.3.3/../../../../avr/lib/avr5/crtm32u4.o
__vector_10                                       libUSB_Serial.a(USBInterrupt_AVR8.o)
                                                  c:/winavr-20100110/bin/../lib/gcc/avr/4.3.3/../../../../avr/lib/avr5/crtm32u4.o
__vector_11                                       c:/winavr-20100110/bin/../lib/gcc/avr/4.3.3/../../../../avr/lib/avr5/crtm32u4.o
__vector_12                                       c:/winavr-20100110/bin/../lib/gcc/avr/4.3.3/../../../../avr/lib/avr5/crtm32u4.o
__vector_13                                       c:/winavr-20100110/bin/../lib/gcc/avr/4.3.3/../../../../avr/lib/avr5/crtm32u4.o
__vector_14                                       c:/winavr-20100110/bin/../lib/gcc/avr/4.3.3/../../../../avr/lib/avr5/crtm32u4.o
__vector_15                                       c:/winavr-20100110/bin/../lib/gcc/avr/4.3.3/../../../../avr/lib/avr5/crtm32u4.o
__vector_16                                       c:/winavr-20100110/bin/../lib/gcc/avr/4.3.3/../../../../avr/lib/avr5/crtm32u4.o
__vector_17                                       c:/winavr-20100110/bin/../lib/gcc/avr/4.3.3/../../../../avr/lib/avr5/crtm32u4.o
__vector_18                                       c:/winavr-20100110/bin/../lib/gcc/avr/4.3.3/../../../../avr/lib/avr5/crtm32u4.o
__vector_19                                       c:/winavr-20100110/bin/../lib/gcc/avr/4.3.3/../../../../avr/lib/avr5/crtm32u4.o
__vector_2                                        c:/winavr-20100110/bin/../lib/gcc/avr/4.3.3/../../../../avr/lib/avr5/crtm32u4.o
__vector_20                                       c:/winavr-20100110/bin/../lib/gcc/avr/4.3.3/../../../../avr/lib/avr5/crtm32u4.o
__vector_21                                       Timer0.o
                                                  c:/winavr-20100110/bin/../lib/gcc/avr/4.3.3/../../../../avr/lib/avr5/crtm32u4.o
__vector_22                                       c:/winavr-20100110/bin/../lib/gcc/avr/4.3.3/../../../../avr/lib/avr5/crtm32u4.o
__vector_23                                       c:/winavr-20100110/bin/../lib/gcc/avr/4.3.3/../../../../avr/lib/avr5/crtm32u4.o
__vector_24                                       c:/winavr-20100110/bin/../lib/gcc/avr/4.3.3/../../../../avr/lib/avr5/crtm32u4.o
__vector_25                                       c:/winavr-20100110/bin/../lib/gcc/avr/4.3.3/../../../../avr/lib/avr5/crtm32u4.o
__vector_26                                       c:/winavr-20100110/bin/../lib/gcc/avr/4.3.3/../../../../avr/lib/avr5/crtm32u4.o
__vector_27                                       c:/winavr-20100110/bin/../lib/gcc/avr/4.3.3/../../../../avr/lib/avr5/crtm32u4.o
__vector_28                                       comparador.o
                                                  c:/winavr-20100110/bin/../lib/gcc/avr/4.3.3/../../../../avr/lib/avr5/crtm32u4.o
__vector_29                                       c:/winavr-20100110/bin/../lib/gcc/avr/4.3.3/../../../../avr/lib/avr5/crtm32u4.o
__vector_3                                        c:/winavr-20100110/bin/../lib/gcc/avr/4.3.3/../../../../avr/lib/avr5/crtm32u4.o
__vector_30                                       c:/winavr-20100110/bin/../lib/gcc/avr/4.3.3/../../../../avr/lib/avr5/crtm32u4.o
__vector_31                                       c:/winavr-20100110/bin/../lib/gcc/avr/4.3.3/../../../../avr/lib/avr5/crtm32u4.o
__vector_32                                       c:/winavr-20100110/bin/../lib/gcc/avr/4.3.3/../../../../avr/lib/avr5/crtm32u4.o
__vector_33                                       c:/winavr-20100110/bin/../lib/gcc/avr/4.3.3/../../../../avr/lib/avr5/crtm32u4.o
__vector_34                                       c:/winavr-20100110/bin/../lib/gcc/avr/4.3.3/../../../../avr/lib/avr5/crtm32u4.o
__vector_35                                       c:/winavr-20100110/bin/../lib/gcc/avr/4.3.3/../../../../avr/lib/avr5/crtm32u4.o
__vector_36                                       c:/winavr-20100110/bin/../lib/gcc/avr/4.3.3/../../../../avr/lib/avr5/crtm32u4.o
__vector_37                                       c:/winavr-20100110/bin/../lib/gcc/avr/4.3.3/../../../../avr/lib/avr5/crtm32u4.o
__vector_38                                       c:/winavr-20100110/bin/../lib/gcc/avr/4.3.3/../../../../avr/lib/avr5/crtm32u4.o
__vector_39                                       c:/winavr-20100110/bin/../lib/gcc/avr/4.3.3/../../../../avr/lib/avr5/crtm32u4.o
__vector_4                                        c:/winavr-20100110/bin/../lib/gcc/avr/4.3.3/../../../../avr/lib/avr5/crtm32u4.o
__vector_40                                       c:/winavr-20100110/bin/../lib/gcc/avr/4.3.3/../../../../avr/lib/avr5/crtm32u4.o
__vector_41                                       c:/winavr-20100110/bin/../lib/gcc/avr/4.3.3/../../../../avr/lib/avr5/crtm32u4.o
__vector_42                                       c:/winavr-20100110/bin/../lib/gcc/avr/4.3.3/../../../../avr/lib/avr5/crtm32u4.o
__vector_5                                        c:/winavr-20100110/bin/../lib/gcc/avr/4.3.3/../../../../avr/lib/avr5/crtm32u4.o
__vector_6                                        c:/winavr-20100110/bin/../lib/gcc/avr/4.3.3/../../../../avr/lib/avr5/crtm32u4.o
__vector_7                                        c:/winavr-20100110/bin/../lib/gcc/avr/4.3.3/../../../../avr/lib/avr5/crtm32u4.o
__vector_8                                        c:/winavr-20100110/bin/../lib/gcc/avr/4.3.3/../../../../avr/lib/avr5/crtm32u4.o
__vector_9                                        c:/winavr-20100110/bin/../lib/gcc/avr/4.3.3/../../../../avr/lib/avr5/crtm32u4.o
__vector_default                                  c:/winavr-20100110/bin/../lib/gcc/avr/4.3.3/../../../../avr/lib/avr5/crtm32u4.o
__vectors                                         c:/winavr-20100110/bin/../lib/gcc/avr/4.3.3/../../../../avr/lib/avr5/crtm32u4.o
_exit                                             c:/winavr-20100110/bin/../lib/gcc/avr/4.3.3/avr5\libgcc.a(_exit.o)
anio                                              reloj.o
atoi                                              comunicacion.o
cad                                               main.o
comparador_init                                   comparador.o
                                                  main.o
comparador_secFlag                                comparador.o
dataE                                             main.o
dato                                              main.o
delay                                             delay.o
delay1seg                                         delay.o
dia                                               reloj.o
exit                                              c:/winavr-20100110/bin/../lib/gcc/avr/4.3.3/avr5\libgcc.a(_exit.o)
                                                  c:/winavr-20100110/bin/../lib/gcc/avr/4.3.3/../../../../avr/lib/avr5/crtm32u4.o
horas                                             reloj.o
itoa                                              comunicacion.o
main                                              main.o
                                                  c:/winavr-20100110/bin/../lib/gcc/avr/4.3.3/../../../../avr/lib/avr5/crtm32u4.o
mes                                               reloj.o
min                                               reloj.o
seg                                               reloj.o
updateUSB                                         comunicacion.o
