   1               		.file	"main.c"
   2               	__SREG__ = 0x3f
   3               	__SP_H__ = 0x3e
   4               	__SP_L__ = 0x3d
   5               	__CCP__  = 0x34
   6               	__tmp_reg__ = 0
   7               	__zero_reg__ = 1
  15               	.Ltext0:
  16               		.data
  17               	.LC0:
  18 0000 5265 6C6F 		.string	"Reloj"
  18      6A00 
  19               		.text
  20               	.global	main
  22               	main:
  23               	.LFB2:
  24               	.LM1:
  25 0000 EF92      		push r14
  26 0002 0F93      		push r16
  27               	/* prologue: function */
  28               	/* frame size = 0 */
  29               	.LM2:
  30 0004 80E8      		ldi r24,lo8(9600)
  31 0006 95E2      		ldi r25,hi8(9600)
  32 0008 0E94 0000 		call USB_SerialInit
  33               	.LM3:
  34               	/* #APP */
  35               	 ;  26 "main.c" 1
  36 000c 7894      		sei
  37               	 ;  0 "" 2
  38               	.LM4:
  39               	/* #NOAPP */
  40 000e 0E94 0000 		call USB_Rx
  41 0012 8093 0000 		sts dato,r24
  42               	.LM5:
  43 0016 80E0      		ldi r24,lo8(.LC0)
  44 0018 90E0      		ldi r25,hi8(.LC0)
  45 001a 0E94 0000 		call USB_putsTX
  46               	.LM6:
  47 001e 8AE0      		ldi r24,lo8(10)
  48 0020 0E94 0000 		call USB_TX
  49               	.LM7:
  50 0024 8DE0      		ldi r24,lo8(13)
  51 0026 0E94 0000 		call USB_TX
  52               	.LM8:
  53 002a 87E1      		ldi r24,lo8(23)
  54 002c 6BE3      		ldi r22,lo8(59)
  55 002e 47E3      		ldi r20,lo8(55)
  56 0030 21E0      		ldi r18,lo8(1)
  57 0032 01E1      		ldi r16,lo8(17)
  58 0034 93E1      		ldi r25,lo8(19)
  59 0036 E92E      		mov r14,r25
  60 0038 0E94 0000 		call Clock_Init
  61               	.LM9:
  62 003c 0E94 0000 		call Timer0_Init
  63               	.LM10:
  64 0040 0E94 0000 		call comparador_init
  65               	.LM11:
  66 0044 279A      		sbi 36-32,7
  67               	.L2:
  68 0046 00C0      		rjmp .L2
  69               	.LFE2:
  71               		.comm dato,1,1
  72               		.comm dataE,1,1
  73               		.comm cad,20,1
  98               	.Letext0:
DEFINED SYMBOLS
                            *ABS*:00000000 main.c
C:\Users\lenovo\AppData\Local\Temp/ccL6ZGgz.s:2      *ABS*:0000003f __SREG__
C:\Users\lenovo\AppData\Local\Temp/ccL6ZGgz.s:3      *ABS*:0000003e __SP_H__
C:\Users\lenovo\AppData\Local\Temp/ccL6ZGgz.s:4      *ABS*:0000003d __SP_L__
C:\Users\lenovo\AppData\Local\Temp/ccL6ZGgz.s:5      *ABS*:00000034 __CCP__
C:\Users\lenovo\AppData\Local\Temp/ccL6ZGgz.s:6      *ABS*:00000000 __tmp_reg__
C:\Users\lenovo\AppData\Local\Temp/ccL6ZGgz.s:7      *ABS*:00000001 __zero_reg__
C:\Users\lenovo\AppData\Local\Temp/ccL6ZGgz.s:22     .text:00000000 main
                            *COM*:00000001 dato
                            *COM*:00000001 dataE
                            *COM*:00000014 cad

UNDEFINED SYMBOLS
USB_SerialInit
USB_Rx
USB_putsTX
USB_TX
Clock_Init
Timer0_Init
comparador_init
__do_copy_data
__do_clear_bss
